>>> hyperfine/cgu-16_lto-false_opt-3_panic-unwind building 00:52:49
    OK 1516552 bytes
>>> hyperfine/cgu-16_lto-thin_opt-3_panic-unwind building 00:56:10
    OK 1500280 bytes
>>> hyperfine/cgu-4_lto-false_opt-3_panic-unwind building 00:58:17
    OK 1470056 bytes
>>> sd/cgu-16_lto-false_opt-3_panic-unwind building 00:58:26
    OK 2796136 bytes
>>> sd/cgu-16_lto-thin_opt-3_panic-unwind building 00:58:32
    OK 2806256 bytes
>>> sd/cgu-4_lto-false_opt-3_panic-unwind building 00:58:41
    OK 2704712 bytes
>>> tealdeer/cgu-16_lto-false_opt-3_panic-unwind building 00:58:48
    OK 4229544 bytes
>>> tealdeer/cgu-16_lto-thin_opt-3_panic-unwind building 00:59:07
    OK 4263472 bytes
>>> tealdeer/cgu-4_lto-false_opt-3_panic-unwind building 00:59:32
    OK 4024752 bytes
>>> dust/cgu-16_lto-false_opt-3_panic-unwind building 00:59:54
    OK 3529272 bytes
>>> dust/cgu-16_lto-thin_opt-3_panic-unwind building 01:00:08
    OK 3577408 bytes
>>> dust/cgu-4_lto-false_opt-3_panic-unwind building 01:00:25
    OK 3394936 bytes
>>> gping/cgu-16_lto-false_opt-3_panic-unwind building 01:00:38
    OK 3680408 bytes
>>> gping/cgu-16_lto-thin_opt-3_panic-unwind building 01:00:55
    OK 3700784 bytes
>>> gping/cgu-4_lto-false_opt-3_panic-unwind building 01:01:12
    OK 3553064 bytes
>>> tokei/cgu-16_lto-false_opt-3_panic-unwind building 01:01:29
    OK 4810680 bytes
>>> tokei/cgu-16_lto-thin_opt-3_panic-unwind building 01:01:51
    OK 4829864 bytes
>>> tokei/cgu-4_lto-false_opt-3_panic-unwind building 01:02:17
    OK 4625520 bytes
>>> dufs/cgu-16_lto-false_opt-3_panic-unwind building 01:02:42
    OK 8579576 bytes
>>> dufs/cgu-16_lto-thin_opt-3_panic-unwind building 01:03:26
    OK 8649976 bytes
>>> dufs/cgu-4_lto-false_opt-3_panic-unwind building 01:04:03
    OK 8139088 bytes
>>> oha/cgu-16_lto-false_opt-3_panic-unwind building 01:04:46
    OK 16578024 bytes
>>> oha/cgu-16_lto-thin_opt-3_panic-unwind building 01:06:07
    OK 17150256 bytes
>>> oha/cgu-4_lto-false_opt-3_panic-unwind building 01:07:28
    OK 15077096 bytes
>>> miniserve/cgu-16_lto-false_opt-3_panic-unwind building 01:08:50
    OK 13525088 bytes
>>> miniserve/cgu-16_lto-thin_opt-3_panic-unwind building 01:09:53
    OK 13809296 bytes
>>> miniserve/cgu-4_lto-false_opt-3_panic-unwind building 01:10:59
    OK 12904464 bytes
>>> bat/cgu-16_lto-false_opt-3_panic-unwind building 01:11:59
    OK 10001680 bytes
>>> bat/cgu-16_lto-thin_opt-3_panic-unwind building 01:12:37
    OK 10025472 bytes
>>> bat/cgu-4_lto-false_opt-3_panic-unwind building 01:13:14
    OK 9723216 bytes
>>> trippy/cgu-16_lto-false_opt-3_panic-unwind building 01:13:48
    OK 9413312 bytes
>>> trippy/cgu-16_lto-thin_opt-3_panic-unwind building 01:14:26
    OK 9502440 bytes
>>> trippy/cgu-4_lto-false_opt-3_panic-unwind building 01:14:58
    OK 8855040 bytes
>>> taplo/cgu-16_lto-false_opt-3_panic-unwind building 01:15:36
    OK 14291968 bytes
>>> taplo/cgu-16_lto-thin_opt-3_panic-unwind building 01:16:19
    OK 14454936 bytes
>>> taplo/cgu-4_lto-false_opt-3_panic-unwind building 01:17:11
    OK 13382624 bytes
>>> mqttui/cgu-16_lto-false_opt-3_panic-unwind building 01:17:57
    OK 6975544 bytes
>>> mqttui/cgu-16_lto-thin_opt-3_panic-unwind building 01:18:37
    OK 7054728 bytes
>>> mqttui/cgu-4_lto-false_opt-3_panic-unwind building 01:19:16
    OK 6701664 bytes
>>> topgrade/cgu-16_lto-false_opt-3_panic-unwind building 01:19:56
    OK 10953520 bytes
>>> topgrade/cgu-16_lto-thin_opt-3_panic-unwind building 01:20:45
    OK 11101880 bytes
>>> topgrade/cgu-4_lto-false_opt-3_panic-unwind building 01:21:35
    OK 10488240 bytes
>>> feroxbuster/cgu-16_lto-false_opt-3_panic-unwind building 01:22:24
    OK 15818736 bytes
>>> feroxbuster/cgu-16_lto-thin_opt-3_panic-unwind building 01:23:21
    OK 15990640 bytes
>>> feroxbuster/cgu-4_lto-false_opt-3_panic-unwind building 01:24:20
    OK 15152880 bytes
>>> hexyl/cgu-16_lto-false_opt-3_panic-unwind building 01:25:14
    OK 1300944 bytes
>>> hexyl/cgu-16_lto-thin_opt-3_panic-unwind building 01:25:20
    OK 1279880 bytes
>>> hexyl/cgu-4_lto-false_opt-3_panic-unwind building 01:25:27
    OK 1238904 bytes
>>> xsv/cgu-16_lto-false_opt-3_panic-unwind building 01:25:33
    OK 2391856 bytes
>>> xsv/cgu-16_lto-thin_opt-3_panic-unwind building 01:25:42
    OK 2392360 bytes
>>> xsv/cgu-4_lto-false_opt-3_panic-unwind building 01:25:54
    OK 2324440 bytes
>>> zoxide/cgu-16_lto-false_opt-3_panic-unwind building 01:26:04
    OK 1305512 bytes
>>> zoxide/cgu-16_lto-thin_opt-3_panic-unwind building 01:26:11
    OK 1299992 bytes
>>> zoxide/cgu-4_lto-false_opt-3_panic-unwind building 01:26:22
    OK 1249536 bytes
>>> pastel/cgu-16_lto-false_opt-3_panic-unwind building 01:26:30
    OK 1246616 bytes
>>> pastel/cgu-16_lto-thin_opt-3_panic-unwind building 01:26:38
    OK 1247552 bytes
>>> pastel/cgu-4_lto-false_opt-3_panic-unwind building 01:26:47
    OK 1207160 bytes
>>> grex/cgu-16_lto-false_opt-3_panic-unwind building 01:26:55
    OK 2990392 bytes
>>> grex/cgu-16_lto-thin_opt-3_panic-unwind building 01:27:04
    OK 3002904 bytes
>>> grex/cgu-4_lto-false_opt-3_panic-unwind building 01:27:16
    OK 2890480 bytes
=== build_v3 done 2026-08-19T01:27:25+05:30
