invisible population: 1,620,673 rows, 74,001 author (base 4.566%), 81.9% of all author functions

91 features -> 735 atoms

══ precision floor 90% ══════════════════════════════════
  len 2 (current form)   recall  1.13%  precision  91.5%  (+0.93% overall)  [20s]
                         X_callee_rel >= 3 AND X_caller_all_rel >= 1
  len 3 (beam)           recall  1.13%  precision  91.5%  (+0.93% overall)  [4s]
                         X_callee_rel >= 3 AND X_caller_all_rel >= 1
  len 4 (beam)           recall  1.13%  precision  91.5%  (+0.93% overall)  [5s]
                         X_callee_rel >= 3 AND X_caller_all_rel >= 1
  len 5 (beam)           recall  1.13%  precision  91.5%  (+0.93% overall)  [6s]
                         X_callee_rel >= 3 AND X_caller_all_rel >= 1
  decision list (2 clauses) recall  0.29%  precision  91.6%  (+0.24% overall)  [16s]
                         1. X_callee_with_rel >= 3
                         2. X_callee_with_rel >= 3

══ precision floor 80% ══════════════════════════════════
  len 2 (current form)   recall  3.41%  precision  80.4%  (+2.79% overall)  [21s]
                         G_n_insn <= 3 AND N_dist_rel <= 2
  len 3 (beam)           recall  3.41%  precision  80.4%  (+2.79% overall)  [5s]
                         G_n_insn <= 3 AND N_dist_rel <= 2 AND X_out_deg <= 1
  len 4 (beam)           recall  3.41%  precision  80.4%  (+2.79% overall)  [6s]
                         G_n_insn <= 3 AND N_dist_rel <= 2 AND X_out_deg <= 1
  len 5 (beam)           recall  3.41%  precision  80.4%  (+2.79% overall)  [7s]
                         G_n_insn <= 3 AND N_dist_rel <= 2 AND X_out_deg <= 1
  decision list (3 clauses) recall  1.14%  precision  79.2%  (+0.94% overall)  [24s]
                         1. G_n_ref_text <= 1 AND X_callee_with_rel >= 2
                         2. F_all_fo_mean <= 1 AND X_callee_rel >= 6
                         3. X_in_deg <= 2 AND X_callee_with_rel >= 2

── against the model on the same rows and the same features
   form                         recall @ ~90% precision
   two-term rule                                 1.13%
   best readable form                            1.13%
   gradient boosting                        5% @ 89.6%   (10% @ 85.5%)

wrote results/d04_ruleform.json
