dev 1,639,964 x 91 features, 5.509% positive, 28 crates, 7-fold grouped CV

    GB fold 1/7 (29s)
    GB fold 2/7 (56s)
    GB fold 3/7 (80s)
    GB fold 4/7 (109s)
    GB fold 5/7 (134s)
    GB fold 6/7 (159s)
    GB fold 7/7 (183s)
  GB: AP=0.6959  P@R2=98.7%  P@R5=97.9%  P@R10=96.3%  P@R20=91.5%  P@R30=87.6%

    RF fold 1/7 (65s)
    RF fold 2/7 (135s)
    RF fold 3/7 (203s)
    RF fold 4/7 (348s)
    RF fold 5/7 (411s)
    RF fold 6/7 (478s)
    RF fold 7/7 (543s)
  RF: AP=0.6733  P@R2=99.6%  P@R5=97.7%  P@R10=95.3%  P@R20=91.9%  P@R30=87.5%

    CART3 fold 1/7 (11s)
    CART3 fold 2/7 (20s)
    CART3 fold 3/7 (30s)
    CART3 fold 4/7 (39s)
    CART3 fold 5/7 (47s)
    CART3 fold 6/7 (57s)
    CART3 fold 7/7 (65s)
  CART3: AP=0.5260  P@R2=91.5%  P@R5=91.5%  P@R10=88.2%  P@R20=78.9%  P@R30=69.8%

    CART4 fold 1/7 (15s)
    CART4 fold 2/7 (27s)
    CART4 fold 3/7 (40s)
    CART4 fold 4/7 (52s)
    CART4 fold 5/7 (64s)
    CART4 fold 6/7 (77s)
    CART4 fold 7/7 (91s)
  CART4: AP=0.5452  P@R2=92.7%  P@R5=92.5%  P@R10=89.7%  P@R20=77.8%  P@R30=70.5%

    CART6 fold 1/7 (21s)
    CART6 fold 2/7 (43s)
    CART6 fold 3/7 (64s)
    CART6 fold 4/7 (85s)
    CART6 fold 5/7 (107s)
    CART6 fold 6/7 (130s)
    CART6 fold 7/7 (145s)
  CART6: AP=0.5664  P@R2=97.1%  P@R5=91.0%  P@R10=89.7%  P@R20=83.0%  P@R30=73.2%

  L1 logistic (scaled)...
    L1 fold 1/7 (72s)
    L1 fold 2/7 (154s)
    L1 fold 3/7 (220s)
    L1 fold 4/7 (315s)
    L1 fold 5/7 (399s)
    L1 fold 6/7 (482s)
    L1 fold 7/7 (647s)
  L1: AP=0.4104, 87/91 features survive
     top: N_win_rel_frac(+0.31), N_dist_rel(-0.24), B_frac_rel_fde(+0.13), X_callee_with_rel(+0.13), G_br_dens(-0.12), N_win_rel(+0.11), G_insn_per_byte(-0.08), F_rel_excl_frac(+0.08), X_caller_all_rel(+0.08), M_rel_files(+0.07), M_rel_files_ge2(+0.07), F_rel_fo_max(+0.07)

  CART(depth 4) leaves with >=80% precision, fit on all dev:
     leaf   15  n=  8,431  prec=94.3%  recall=8.80%  crates=10
     leaf   11  n=  6,766  prec=83.3%  recall=6.24%  crates=28
     leaf   14  n=  1,417  prec=82.8%  recall=1.30%  crates=20
