dev 1,639,964 rows, 916 atoms

── precision floor 95%
   +clause 1: M_all_entropy <= 0 AND N_same_file_prev >= 1
      clause alone  prec 95.0%  new positives 2,913 (+3.22% recall)  crates 27
      SET so far    prec 95.0%  recall 3.22%  fires 3,066  crates 27
   +clause 2: P_REGISTRY <= 1 AND M_rel_files >= 2
      clause alone  prec 95.1%  new positives 1,850 (+2.05% recall)  crates 25
      SET so far    prec 95.1%  recall 5.27%  fires 5,011  crates 28
   +clause 3: M_all_entropy <= 0 AND F_rel_excl >= 4
      clause alone  prec 95.1%  new positives 614 (+0.68% recall)  crates 25
      SET so far    prec 94.9%  recall 5.95%  fires 5,666  crates 28
   +clause 4: X_callee_with_rel >= 5
      clause alone  prec 95.1%  new positives 387 (+0.43% recall)  crates 22
      SET so far    prec 94.6%  recall 6.38%  fires 6,090  crates 28
   +clause 5: M_rel_lines <= 5 AND M_rel_files >= 2
      clause alone  prec 95.1%  new positives 205 (+0.23% recall)  crates 27
      SET so far    prec 94.4%  recall 6.61%  fires 6,323  crates 28
      (marginal gain below 0.3 pp — stopping)

── precision floor 90%
   +clause 1: C_user >= 2
      clause alone  prec 90.3%  new positives 7,641 (+8.46% recall)  crates 28
      SET so far    prec 90.3%  recall 8.46%  fires 8,462  crates 28
   +clause 2: G_exc_dens <= 0.0061 AND N_same_file_prev >= 1
      clause alone  prec 90.3%  new positives 2,148 (+2.38% recall)  crates 28
      SET so far    prec 89.6%  recall 10.83%  fires 10,925  crates 28
   +clause 3: F_rel_fo_min <= 5 AND N_same_file_next >= 1
      clause alone  prec 90.3%  new positives 1,114 (+1.23% recall)  crates 28
      SET so far    prec 89.1%  recall 12.07%  fires 12,230  crates 28
   +clause 4: F_rel_fo_max >= 8
      clause alone  prec 92.8%  new positives 910 (+1.01% recall)  crates 8
      SET so far    prec 89.2%  recall 13.07%  fires 13,243  crates 28
   +clause 5: G_loc_per_kb <= 1.66 AND X_callee_rel >= 8
      clause alone  prec 91.7%  new positives 415 (+0.46% recall)  crates 28
      SET so far    prec 89.0%  recall 13.53%  fires 13,738  crates 28
   +clause 6: X_callee_with_rel >= 3
      clause alone  prec 92.5%  new positives 151 (+0.17% recall)  crates 27
      SET so far    prec 88.9%  recall 13.70%  fires 13,932  crates 28
      (marginal gain below 0.3 pp — stopping)

