(1) fixed rules scored inside each build config (dev crates only)

rule                          fat/3/abort     fat/3/unwind      fat/z/abort     fat/z/unwind     thin/3/abort    thin/3/unwind     thin/z/abort    thin/z/unwind
A@2 (incumbent)            92.7%/  4.51%   92.6%/  4.42%   92.0%/  5.87%   92.0%/  5.93%   93.7%/  4.51%   93.5%/  4.64%   91.4%/  5.35%   91.6%/  5.39%
                        spread: precision 2.2% pp (min 91.4%, max 93.7%)
C_user >= 2                90.4%/  9.96%   90.7%/  9.77%   89.1%/  8.57%   89.6%/  8.76%   91.2%/  9.63%   91.4%/  9.45%   89.7%/  6.56%   90.0%/  6.65%
                        spread: precision 2.3% pp (min 89.1%, max 91.4%)
any author Location        83.6%/ 20.28%   84.2%/ 20.12%   84.0%/ 17.72%   84.2%/ 17.81%   84.3%/ 19.98%   85.5%/ 19.91%   85.8%/ 15.56%   85.9%/ 15.62%
                        spread: precision 2.4% pp (min 83.6%, max 85.9%)
span+neighbourhood         95.0%/  6.50%   95.4%/  6.22%   95.7%/  5.16%   95.8%/  5.16%   95.1%/  7.65%   95.8%/  7.46%   94.1%/  4.68%   94.0%/  4.76%
                        spread: precision 1.9% pp (min 94.0%, max 95.8%)
span+caller                96.4%/  6.69%   96.2%/  6.64%   96.3%/  5.67%   96.5%/  5.82%   95.2%/  4.57%   95.2%/  4.57%   96.9%/  2.74%   96.9%/  2.80%
                        spread: precision 1.8% pp (min 95.2%, max 96.9%)
loc+neighbourhood          88.6%/ 10.34%   89.7%/  9.95%   91.7%/  8.06%   91.7%/  8.15%   89.4%/ 12.64%   91.5%/ 12.61%   91.2%/  9.31%   91.5%/  9.41%
                        spread: precision 3.1% pp (min 88.6%, max 91.7%)

(2) the SEARCH re-run independently inside each config, floor 95%

    config                        recall    prec  winning rule
    lto-fat_opt-3_panic-abort      7.15%   95.0%  M_rel_line_span >= 2 AND N_win_rel >= 2
    lto-fat_opt-3_panic-unwind     6.70%   95.1%  M_rel_line_span >= 2 AND N_win_rel_frac >= 0.25
    lto-fat_opt-z_panic-abort      5.73%   95.7%  C_user >= 2 AND X_caller_rel >= 1
    lto-fat_opt-z_panic-unwind     5.89%   96.0%  C_user >= 2 AND X_caller_rel >= 1
    lto-thin_opt-3_panic-abort     7.92%   95.1%  M_rel_line_span >= 2 AND N_win_rel_frac >= 0.2
    lto-thin_opt-3_panic-unwind    8.14%   95.2%  M_rel_line_span >= 2 AND N_win_rel_frac >= 0.0952
    lto-thin_opt-z_panic-abort     4.60%   95.6%  N_win_std <= 5 AND N_same_file_prev >= 1
    lto-thin_opt-z_panic-unwind    4.57%   95.2%  N_win_std <= 4 AND N_same_file_prev >= 1

    7 distinct winners across 8 configs:
      2/8  C_user >= 2 AND X_caller_rel >= 1
      1/8  M_rel_line_span >= 2 AND N_win_rel >= 2
      1/8  M_rel_line_span >= 2 AND N_win_rel_frac >= 0.25
      1/8  M_rel_line_span >= 2 AND N_win_rel_frac >= 0.2
      1/8  M_rel_line_span >= 2 AND N_win_rel_frac >= 0.0952
      1/8  N_win_std <= 5 AND N_same_file_prev >= 1
      1/8  N_win_std <= 4 AND N_same_file_prev >= 1

(3) transfer — a rule selected inside one config, scored on the rest
                selected_on own_config_precision other_configs_mean other_configs_min drop_pp
  lto-fat_opt-3_panic-abort                95.0%              94.5%             93.4%   +0.54
 lto-fat_opt-3_panic-unwind                95.1%              94.6%             93.0%   +0.51
  lto-fat_opt-z_panic-abort                95.7%              95.7%             94.3%   -0.05
 lto-fat_opt-z_panic-unwind                96.0%              95.7%             94.3%   +0.27
 lto-thin_opt-3_panic-abort                95.1%              94.3%             92.7%   +0.78
lto-thin_opt-3_panic-unwind                95.2%              94.1%             92.5%   +1.18
 lto-thin_opt-z_panic-abort                95.6%              89.5%             82.9%   +6.15
lto-thin_opt-z_panic-unwind                95.2%              90.0%             83.0%   +5.25
