dev  1,639,964 rows / 28 crates   test 811,940 rows / 15 crates
base rate  dev 5.509%   test 3.292%

V2: 184,986 rows, 32 crates, 1 configs, base rate 5.773%
V3: 421,663 rows, 20 crates, 3 configs, base rate 3.365%

── R1 neighbourhood-corroborated multiplicity
   M_rel_structs >= 2 AND N_win_rel >= 3
   corpus                         fires    prec     prec 95% CI   recall    crates
   dev (28 crates, seen)          5,972   94.3%  [91.8%, 96.9%]    6.23%  28/28  
   TEST (15 crates, lockbox)      2,852   96.5%  [91.7%, 98.9%]   10.30%  15/15    +2.20 pp vs dev
   V2 lockbox crates                260   93.5%  [85.5%,100.0%]   11.55%  12/12  
   V2 dev crates (seen)             511   97.5%  [92.0%, 99.1%]    5.81%  18/20  
   V3 lockbox crates              1,498   91.0%  [82.3%, 98.5%]   10.64%  15/15  
   V3 dev crates (seen)              88  100.0%  [100.0%,100.0%]    6.41%   4/5   

── R2 caller-corroborated multiplicity
   M_rel_structs >= 2 AND X_caller_rel >= 1
   corpus                         fires    prec     prec 95% CI   recall    crates
   dev (28 crates, seen)          4,476   95.7%  [92.3%, 97.7%]    4.74%  28/28  
   TEST (15 crates, lockbox)      1,881   95.2%  [93.3%, 97.5%]    6.70%  15/15    -0.45 pp vs dev
   V2 lockbox crates                206   95.1%  [92.2%, 98.8%]    9.32%  12/12  
   V2 dev crates (seen)             442   98.0%  [95.3%, 99.4%]    5.05%  20/20  
   V3 lockbox crates              1,042   90.3%  [77.2%, 98.3%]    7.34%  15/15  
   V3 dev crates (seen)              76  100.0%  [100.0%,100.0%]    5.54%   5/5   

── R3 high-recall neighbourhood rule
   M_rel_structs >= 1 AND N_win_rel >= 5
   corpus                         fires    prec     prec 95% CI   recall    crates
   dev (28 crates, seen)          9,982   90.7%  [84.9%, 94.5%]   10.02%  28/28  
   TEST (15 crates, lockbox)      4,481   95.1%  [88.4%, 98.6%]   15.94%  15/15    +4.39 pp vs dev
   V2 lockbox crates                500   91.4%  [81.2%,100.0%]   21.73%  12/12  
   V2 dev crates (seen)             705   96.6%  [89.1%, 98.8%]    7.94%  19/20  
   V3 lockbox crates              3,332   93.2%  [84.1%, 99.0%]   24.23%  15/15  
   V3 dev crates (seen)             203   91.1%  [62.1%,100.0%]   13.47%   5/5   

── A@2 (incumbent, shipped default)
   C_user >= 2 AND P_nonrel <= 0
   corpus                         fires    prec     prec 95% CI   recall    crates
   dev (28 crates, seen)          4,999   92.3%  [88.4%, 95.6%]    5.11%  28/28  
   TEST (15 crates, lockbox)      1,659   95.2%  [92.8%, 97.1%]    5.91%  15/15    +2.96 pp vs dev
   V2 lockbox crates                104   94.2%  [85.0%, 98.1%]    4.66%  11/12  
   V2 dev crates (seen)             346   96.0%  [90.4%, 98.9%]    3.87%  20/20  
   V3 lockbox crates                938   90.9%  [80.1%, 97.0%]    6.66%  15/15  
   V3 dev crates (seen)              62  100.0%  [100.0%,100.0%]    4.52%   5/5   

── bare multiplicity (structs >= 2)
   M_rel_structs >= 2
   corpus                         fires    prec     prec 95% CI   recall    crates
   dev (28 crates, seen)          8,462   90.3%  [87.6%, 93.0%]    8.46%  28/28  
   TEST (15 crates, lockbox)      3,831   93.6%  [88.4%, 96.1%]   13.41%  15/15    +3.25 pp vs dev
   V2 lockbox crates                337   91.7%  [83.8%, 97.2%]   14.69%  12/12  
   V2 dev crates (seen)             690   94.3%  [89.0%, 96.7%]    7.59%  20/20  
   V3 lockbox crates              1,824   89.6%  [82.2%, 95.9%]   12.76%  15/15  
   V3 dev crates (seen)             130  100.0%  [100.0%,100.0%]    9.47%   5/5   

── line-span variant
   M_rel_line_span >= 2 AND N_win_rel >= 3
   corpus                         fires    prec     prec 95% CI   recall    crates
   dev (28 crates, seen)          5,547   95.1%  [92.9%, 97.9%]    5.84%  28/28  
   TEST (15 crates, lockbox)      2,689   97.0%  [92.9%, 99.0%]    9.75%  15/15    +1.87 pp vs dev
   V2 lockbox crates                242   93.8%  [87.6%,100.0%]   10.79%  12/12  
   V2 dev crates (seen)             476   97.9%  [93.6%, 99.2%]    5.43%  18/20  
   V3 lockbox crates              1,378   91.1%  [82.6%, 99.1%]    9.80%  15/15  
   V3 dev crates (seen)              85  100.0%  [100.0%,100.0%]    6.19%   4/5   

── A@2 + neighbourhood
   C_user >= 2 AND P_nonrel <= 0 AND N_win_rel >= 3
   corpus                         fires    prec     prec 95% CI   recall    crates
   dev (28 crates, seen)          3,582   96.0%  [92.5%, 99.2%]    3.80%  28/28  
   TEST (15 crates, lockbox)      1,143   97.7%  [96.5%,100.0%]    4.18%  15/15    +1.77 pp vs dev
   V2 lockbox crates                 76   96.1%  [84.0%,100.0%]    3.47%   7/12  
   V2 dev crates (seen)             267   98.9%  [95.2%,100.0%]    3.08%  15/20  
   V3 lockbox crates                766   91.9%  [77.5%, 99.5%]    5.49%  15/15  
   V3 dev crates (seen)              43  100.0%  [100.0%,100.0%]    3.13%   3/5   

── any author Location (loosest possible)
   M_rel_structs >= 1
   corpus                         fires    prec     prec 95% CI   recall    crates
   dev (28 crates, seen)         19,291   84.7%  [79.0%, 88.8%]   18.09%  28/28  
   TEST (15 crates, lockbox)      7,006   90.6%  [84.7%, 94.4%]   23.74%  15/15    +5.81 pp vs dev
   V2 lockbox crates                733   88.1%  [78.2%, 97.1%]   30.72%  12/12  
   V2 dev crates (seen)           1,483   85.6%  [74.0%, 92.5%]   14.81%  20/20  
   V3 lockbox crates              4,404   89.5%  [81.1%, 95.8%]   30.76%  15/15  
   V3 dev crates (seen)             398   85.2%  [64.1%, 98.0%]   24.69%   5/5   

── paired comparison on the LOCKBOX, 15 crates, vs the incumbent
   rule                                         precision delta    recall delta        p   Holm p
   R1 neighbourhood-corroborated mul     +1.26 pp [ -4.2, +4.5]        +4.39 pp   0.4918   1.0000
   R2 caller-corroborated multiplici     -0.02 pp [ -2.2, +2.9]        +0.79 pp   0.9834   1.0000
   R3 high-recall neighbourhood rule     -0.17 pp [ -7.6, +4.0]       +10.03 pp   0.9471   1.0000

   context rules (NOT in the pre-registered family, uncorrected):
   bare multiplicity (structs >= 2)      -1.69 pp [ -7.0, +1.5]        +7.50 pp
   line-span variant                     +1.71 pp [ -2.8, +4.6]        +3.84 pp
   A@2 + neighbourhood                   +2.49 pp [ +0.7, +5.7]        -1.73 pp
   any author Location (loosest poss     -4.69 pp [-11.0, -0.3]       +17.82 pp
