
=== V2: 184,986 labelled functions, 32 crates, 1 configs, base rate 5.773%
    configs: v2-release

    -- lockbox crates: 69,242 functions, 12 crates, base rate 3.037%
       rule          fires    prec       prec 95% CI   recall   crates
       R1              260   93.5%   [85.4%,100.0%]   11.55%   12/12  
       R2              206   95.1%   [92.1%, 98.9%]    9.32%   12/12  
       R3              500   91.4%   [81.2%,100.0%]   21.73%   12/12  
       A@2             104   94.2%   [85.0%, 98.0%]    4.66%   11/12  
       bare>=2         337   91.7%   [83.8%, 97.3%]   14.69%   12/12  
       any             733   88.1%   [78.0%, 97.2%]   30.72%   12/12  

    -- dev crates (seen): 115,744 functions, 20 crates, base rate 7.409%
       rule          fires    prec       prec 95% CI   recall   crates
       R1              511   97.5%   [92.1%, 99.1%]    5.81%   18/20  
       R2              442   98.0%   [95.3%, 99.4%]    5.05%   20/20  
       R3              705   96.6%   [89.2%, 98.8%]    7.94%   19/20  
       A@2             346   96.0%   [90.4%, 98.9%]    3.87%   20/20  
       bare>=2         690   94.3%   [89.3%, 96.7%]    7.59%   20/20  
       any           1,483   85.6%   [74.2%, 92.7%]   14.81%   20/20  

=== V3: 421,663 labelled functions, 20 crates, 3 configs, base rate 3.365%
    configs: cgu-16_lto-false_opt-3_panic-unwind, cgu-16_lto-thin_opt-3_panic-unwind, cgu-4_lto-false_opt-3_panic-unwind

    -- lockbox crates: 389,385 functions, 15 crates, base rate 3.291%
       rule          fires    prec       prec 95% CI   recall   crates
       R1            1,498   91.0%   [82.4%, 98.7%]   10.64%   15/15  
       R2            1,042   90.3%   [77.2%, 98.3%]    7.34%   15/15  
       R3            3,332   93.2%   [84.2%, 99.1%]   24.23%   15/15  
       A@2             938   90.9%   [80.3%, 97.0%]    6.66%   15/15  
       bare>=2       1,824   89.6%   [82.3%, 96.0%]   12.76%   15/15  
       any           4,404   89.5%   [81.2%, 95.9%]   30.76%   15/15  

    -- dev crates (seen): 32,278 functions, 5 crates, base rate 4.254%
       rule          fires    prec       prec 95% CI   recall   crates
       R1               88  100.0%   [100.0%,100.0%]    6.41%    4/5   
       R2               76  100.0%   [100.0%,100.0%]    5.54%    5/5   
       R3              203   91.1%   [62.1%,100.0%]   13.47%    5/5   
       A@2              62  100.0%   [100.0%,100.0%]    4.52%    5/5   
       bare>=2         130  100.0%   [100.0%,100.0%]    9.47%    5/5   
       any             398   85.2%   [64.1%, 98.0%]   24.69%    5/5   

    -- per codegen-units configuration
       config                                               R1               R2               R3              A@2
       cgu-16_lto-false_opt-3_panic-unwind       91.8%/ 10.30%    91.2%/  6.98%    93.2%/ 23.10%    91.7%/  6.96%
       cgu-16_lto-thin_opt-3_panic-unwind        90.3%/ 10.19%    90.1%/  7.57%    92.9%/ 23.42%    89.6%/  5.15%
       cgu-4_lto-false_opt-3_panic-unwind        92.3%/ 10.18%    91.7%/  6.96%    93.1%/ 23.04%    92.8%/  7.22%

=== V4: 465,753 labelled functions, 40 crates, 2 configs, base rate 4.043%
    configs: cgu-16_lto-false_opt-3_panic-unwind, lto-thin_opt-3_panic-unwind

    -- all: 465,753 functions, 40 crates, base rate 4.043%
       rule          fires    prec       prec 95% CI   recall   crates
       R1            1,154   94.8%   [91.0%, 97.2%]    5.81%   34/40  
       R2              802   95.8%   [94.2%, 97.0%]    4.08%   37/40  
       R3            1,999   92.7%   [87.7%, 96.0%]    9.84%   31/40  
       A@2             995   94.9%   [91.0%, 97.4%]    5.01%   37/40  
       bare>=2       1,677   92.6%   [89.1%, 95.0%]    8.25%   40/40  
       any           3,981   87.0%   [82.4%, 90.5%]   18.39%   40/40  

wrote results/e16_aux_corpora.json
