  cloned helix
  cloned jj
  cloned alacritty
  cloned qsv
  cloned fnm
  cloned mcfly
  cloned zenith
  cloned kmon
  cloned systeroid
  cloned git-absorb
  cloned cargo-edit
  cloned cargo-nextest
  cloned cargo-binstall
  cloned cargo-generate
  cloned cargo-deny
  cloned cargo-outdated
  cloned cargo-watch
  cloned cargo-expand
  cloned cargo-msrv
  cloned cargo-hack
  cloned frawk
  cloned huniq
  cloned csview
  cloned macchina
  FAILED termusic
  cloned ncspot
  cloned tere
  cloned felix
  cloned nomino
  cloned rustcat
  cloned httm
  cloned thokr
  cloned ttyper
  cloned aichat
  cloned mask
  cloned amber
  cloned bingrep
  cloned hexpatch
  cloned rnr
  FAILED gex
  cloned atac
  cloned russ
  cloned serpl
  cloned toipe
  cloned tenere
staged 43 new crates in /home/user/Videos/unhusk/bench/run1/corpus_expansion.tsv
