[env] torch 2.13.0+cu126  device cuda  NVIDIA GeForce RTX 4060 Laptop GPU
[load] 24s  search 5,496,850 rows / 131 crates | test 1,399,145 / 36
[full] 5,496,850 rows / 131 crates | global author fns 293,822 (base 5.345%)
[tier] 55,912 rows / 131 crates  (27s)
[atoms] 1328 atoms from 91 features  (31s)
[base] A@2   P=0.939 lb=0.915 Rg=0.052 cvmin=0.895 oot=0.00
[base] R1    P=0.927 lb=0.890 Rg=0.062 cvmin=0.901 oot=0.00
[base] R2    P=0.956 lb=0.930 Rg=0.041 cvmin=0.911 oot=0.00
[base] R3    P=0.918 lb=0.885 Rg=0.112 cvmin=0.870 oot=0.00
[base] RS90  P=0.576 lb=0.502 Rg=0.381 cvmin=0.443 oot=0.74
[S1] tau=0.95: 138869 unique candidates -> 120 with >= 15 crates firing
[S1] tau=0.925: 250651 unique candidates -> 120 with >= 15 crates firing
[S1] tau=0.9: 378364 unique candidates -> 120 with >= 15 crates firing

===== tau 0.95: 120 S1 candidates =====
[S2+S3] lb >= 0.930 AND CV-min >= 0.920 in all folds: 2/120
     M_rel_frac >= 0.75 AND N_win_rel >= 10                           lb=0.932 cvmin=0.927 Rg=0.069 oot=0.00
     M_rel_frac >= 1 AND N_win_rel >= 10                              lb=0.937 cvmin=0.935 Rg=0.062 oot=0.00
[S4] stability >= 0.50 over 150 resamples: 0/2
[S5] held-in global recall > perm p95: 0/0

===== tau 0.925: 120 S1 candidates =====
[S2+S3] lb >= 0.905 AND CV-min >= 0.895 in all folds: 0/120
[S4] stability >= 0.50 over 150 resamples: 0/0
[S5] held-in global recall > perm p95: 0/0

===== tau 0.9: 120 S1 candidates =====
[S2+S3] lb >= 0.880 AND CV-min >= 0.870 in all folds: 0/120
[S4] stability >= 0.50 over 150 resamples: 0/0
[S5] held-in global recall > perm p95: 0/0
[disj tau=0.95] clause pool 525
[disj tau=0.95] clauses passing S2(tau-0.05)+per-clause CV: 33
[disj tau=0.95] union candidates passing S2+S3: 86
[disj tau=0.925] clause pool 1154
[disj tau=0.925] clauses passing S2(tau-0.05)+per-clause CV: 45
[disj tau=0.925] union candidates passing S2+S3: 358
[load] 27s  search 5,496,850 rows / 131 crates | test 1,399,145 / 36
