loaded 14,625,936 rows, 168 crates  (20s)
search set: 5,496,850 rows, 131 crates, 293,822 author fns (base 5.345%)
test set  : 1,399,145 rows, 36 crates

=== baselines ===
  A@2    search P=93.9% r=5.22%  |  test P=93.1% r=5.79%
  R1     search P=92.7% r=6.22%  |  test P=91.5% r=6.73%
  R2     search P=95.6% r=4.14%  |  test P=94.4% r=4.42%
  R3     search P=91.8% r=11.22%  |  test P=86.8% r=10.50%
  RS90   search P=57.6% r=38.07%  |  test P=52.5% r=40.63%

RS90 tier-escape: in-tier P=90.8% (51323 fires) | OUT-of-tier P=45.7% (142712 fires, 74% of all RS90 fires)

search tier: 55,912 rows, 91 features -> 877 atoms  (32s)
R3 on search: P=91.8% recall_global=11.22%

=== tau 0.95 ===
    pairs 0/877 kept=17
    pairs 300/877 kept=3274
    pairs 600/877 kept=6718
  conj  M_rel_frac >= 1 AND N_win_rel >= 6                                search P=95.3% Rg=8.07%  | test P=91.1% r=7.13%
  conj  M_rel_frac >= 0.714 AND N_win_rel >= 8                            search P=95.7% Rg=7.87%  | test P=91.2% r=6.43%
  conj  N_win_rel >= 6 AND N_win_rel_frac >= 0.741                        search P=77.4% Rg=12.23%  | test P=68.0% r=10.94%
  conj  N_win_rel >= 10 AND N_win_rel_frac >= 0.545                       search P=78.6% Rg=10.55%  | test P=69.1% r=8.67%
  conj  M_all_entropy <= 0 AND N_win_rel >= 6                             search P=69.9% Rg=13.52%  | test P=60.8% r=13.16%
  conj  M_rel_frac >= 1 AND N_win_rel >= 8                                search P=96.1% Rg=7.08%  | test P=91.6% r=5.80%
  conj  M_rel_frac >= 0.714 AND N_win_rel >= 10                           search P=96.1% Rg=6.97%  | test P=91.8% r=5.48%
  conj  N_win_rel >= 8 AND N_win_rel_frac >= 0.741                        search P=79.6% Rg=10.10%  | test P=70.1% r=8.39%
  set<=3: none qualifies

=== tau 0.925 ===
    pairs 0/877 kept=102
    pairs 300/877 kept=22258
    pairs 600/877 kept=34662
  conj  M_rel_frac >= 0.714 AND N_win_rel >= 1                            search P=92.6% Rg=12.69%  | test P=88.8% r=12.95%
  conj  N_win_rel_frac >= 0.545                                           search P=63.2% Rg=28.40%  | test P=56.6% r=29.05%
  conj  N_win_rel >= 1 AND N_win_rel_frac >= 0.545                        search P=63.2% Rg=28.40%  | test P=56.6% r=29.05%
  conj  N_win_rel_frac >= 0.286 AND N_win_rel_frac >= 0.545               search P=63.2% Rg=28.40%  | test P=56.6% r=29.05%
  conj  N_next_reg <= 8 AND N_win_rel_frac >= 0.545                       search P=63.2% Rg=28.37%  | test P=56.6% r=29.02%
  conj  C_registry <= 10 AND N_win_rel_frac >= 0.545                      search P=63.2% Rg=28.36%  | test P=56.6% r=28.99%
  conj  M_nonrel_files <= 5 AND N_win_rel_frac >= 0.545                   search P=63.1% Rg=28.36%  | test P=56.5% r=28.99%
  conj  N_prev_reg <= 6 AND N_win_rel_frac >= 0.545                       search P=63.2% Rg=28.35%  | test P=56.6% r=28.99%
  set<=3: none qualifies

wrote results/mine1.json  (213.5s)
