═══ post.sh start 2026-09-01T03:14:07+05:30 ═══
--- retry.sh (base failures) ---
retry: atuin blondie dog hurl jless lowcharts rmesg silicon sniffnet spotify-tui    2026-09-01T03:14:07+05:30
  >>> atuin/c4
    build failed
[blondie] windows-only crate -> permanent skip
[dog] openssl -> bump stack
  >>> dog/c1
    OK
[dog] cleared
  >>> hurl/c4
    build failed
[jless] missing -l lib -> add -L /home/user/.local/apt/usr/lib/x86_64-linux-gnu (extracted debs)
  >>> jless/c1
    build failed
  >>> jless/c2
    build failed
  >>> jless/c3
    build failed
  >>> jless/c4
    build failed
[lowcharts] bump dep proc-macro2
  >>> lowcharts/c4
    OK
[lowcharts] cleared
[rmesg] bump dep num-bigint
  >>> rmesg/c1
    OK
  >>> rmesg/c2
    OK
  >>> rmesg/c3
    OK
  >>> rmesg/c4
    OK
[rmesg] cleared
[silicon] missing -l lib -> add -L /home/user/.local/apt/usr/lib/x86_64-linux-gnu (extracted debs)
  >>> silicon/c1
    build failed
  >>> silicon/c2
    build failed
  >>> silicon/c3
    build failed
  >>> silicon/c4
    build failed
[sniffnet] openssl -> bump stack
[sniffnet] missing -l lib -> add -L /home/user/.local/apt/usr/lib/x86_64-linux-gnu (extracted debs)
  >>> sniffnet/c1
    OK
  >>> sniffnet/c2
    OK
  >>> sniffnet/c3
    OK
  >>> sniffnet/c4
    OK
[sniffnet] cleared
[spotify-tui] openssl -> bump stack
[spotify-tui] bump dep socket2
  >>> spotify-tui/c1
    build failed
  >>> spotify-tui/c2
    build failed
  >>> spotify-tui/c3
    build failed
  >>> spotify-tui/c4
    build failed
--- refresh features + analysis ---
builds 506  rows 12,418,634  labeled 11,138,681  author 284,798  workspace 249,941
wrote REPORT.md + results/rules_all.json  (11,138,681 fns, 506 builds)
retry.sh done — 506 builds, 19 failure rows
--- expand_and_go.sh ---
corpus.tsv -> 174 crates (+43); relaunch run_all.sh, deadline 06:40
═══ post.sh done 2026-09-01T03:29:07+05:30 — relaunched run_all is now building the expansion ═══
