retry: atuin blondie frawk hexpatch huniq hurl jless qsv silicon spotify-tui    2026-09-01T05:14:23+05:30
  >>> atuin/c4
    build failed
[blondie] windows-only crate -> permanent skip
[frawk] bump dep ahash
  >>> frawk/c1
    build failed
  >>> frawk/c2
    build failed
  >>> frawk/c3
    build failed
  >>> frawk/c4
    OK
[frawk] cleared
  >>> hexpatch/c1
    build failed
  >>> hexpatch/c2
    build failed
  >>> hexpatch/c3
    build failed
  >>> hexpatch/c4
    build failed
[huniq] bump dep ahash
  >>> huniq/c4
    OK
[huniq] cleared
  >>> hurl/c4
    build failed
  >>> jless/c1
    build failed
  >>> jless/c2
    build failed
  >>> jless/c3
    build failed
  >>> jless/c4
    build failed
  >>> qsv/c1
    no ELF
  >>> qsv/c2
    no ELF
  >>> qsv/c3
    no ELF
  >>> qsv/c4
    no ELF
  >>> silicon/c1
    build failed
  >>> silicon/c2
    build failed
  >>> silicon/c3
    build failed
  >>> silicon/c4
    build failed
[spotify-tui] openssl -> bump stack
[spotify-tui] bump dep openssl
  >>> spotify-tui/c1
    build failed
  >>> spotify-tui/c2
    build failed
  >>> spotify-tui/c3
    build failed
  >>> spotify-tui/c4
    build failed
--- refresh features + analysis ---
builds 667  rows 16,310,976  labeled 14,625,936  author 357,784  workspace 313,195
wrote REPORT.md + results/rules_all.json  (14,625,936 fns, 667 builds)
retry.sh done — 667 builds, 27 failure rows
