candidate                                    P      P_cluster_CI      Rg  Rg_tier       n crates  src
M_rel_structs >= 1                     0.8474 [0.791,0.889] 0.1809 1.0000   19291     28  incumbent
A@2                                    0.9228 [0.883,0.955] 0.0511 0.2822    4999     28  incumbent
R1                                     0.9429 [0.918,0.969] 0.0623 0.3444    5972     28  incumbent
R2                                     0.9567 [0.922,0.977] 0.0474 0.2619    4476     28  incumbent
R3                                     0.9067 [0.850,0.945] 0.1002 0.5536    9982     28  incumbent
E06 set-4                              0.9449 [0.914,0.964] 0.0657 0.3631    6282     28  incumbent
o01 conj<=3 @tau0.9                    0.9015 [0.856,0.934] 0.1303 0.7198   13054     28  optrules
o01 best_set__clausefloor_tau @tau0.9  0.9029 [0.868,0.927] 0.1630 0.9010   16315     28  optrules
o01 conj<=3 @tau0.925                  0.9287 [0.886,0.954] 0.0990 0.5472    9633     28  optrules
o01 best_set__clausefloor_tau @tau0.925 0.9254 [0.900,0.942] 0.1434 0.7926   14003     28  optrules
o01 best_set__clausefloor_tau-0.03 @tau0.925 0.9257 [0.883,0.947] 0.0990 0.5472    9663     28  optrules
o01 conj<=3 @tau0.95                   0.9503 [0.922,0.972] 0.0747 0.4128    7102     28  optrules
o01 best_set__clausefloor_tau @tau0.95 0.9521 [0.937,0.966] 0.1049 0.5795    9951     28  optrules
o02 GOSDT floor_0.95                   0.9517 [0.929,0.967] 0.1312 0.7250   12453     28  optrules
o02 GOSDT floor_0.9067                 0.9098 [0.875,0.933] 0.1670 0.9228   16581     28  optrules
o02 GOSDT floor_0.9                    0.9098 [0.875,0.933] 0.1670 0.9228   16581     28  optrules

paired vs R3 (pp = percentage points, Holm across optrules family):
  o01 conj<=3 @tau0.9                      dRg=+16.62pp p=0.000 (holm 0.001)   dP=-0.52pp p=0.566 (holm 1.000)
  o01 best_set__clausefloor_tau @tau0.9    dRg=+34.74pp p=0.000 (holm 0.001)   dP=-0.39pp p=0.712 (holm 1.000)
  o01 conj<=3 @tau0.925                    dRg=-0.64pp p=0.828 (holm 1.000)   dP=+2.20pp p=0.124 (holm 0.747)
  o01 best_set__clausefloor_tau @tau0.925  dRg=+23.90pp p=0.000 (holm 0.001)   dP=+1.86pp p=0.230 (holm 1.000)
  o01 best_set__clausefloor_tau-0.03 @tau0.925 dRg=-0.65pp p=0.899 (holm 1.000)   dP=+1.90pp p=0.102 (holm 0.717)
  o01 conj<=3 @tau0.95                     dRg=-14.08pp p=0.004 (holm 0.017)   dP=+4.36pp p=0.021 (holm 0.213)
  o01 best_set__clausefloor_tau @tau0.95   dRg=+2.59pp p=0.249 (holm 0.748)   dP=+4.53pp p=0.031 (holm 0.247)
  o02 GOSDT floor_0.95                     dRg=+17.13pp p=0.000 (holm 0.001)   dP=+4.50pp p=0.021 (holm 0.213)
  o02 GOSDT floor_0.9067                   dRg=+36.92pp p=0.000 (holm 0.001)   dP=+0.31pp p=0.797 (holm 1.000)
  o02 GOSDT floor_0.9                      dRg=+36.92pp p=0.000 (holm 0.001)   dP=+0.31pp p=0.797 (holm 1.000)

nested LOCO (held-out pooled):
  o02 GOSDT best: P=0.8811 Rg=0.1644

wrote /home/user/Videos/unhusk/bench/rulemine/optrules/results/o03_compare.json
