=== V3 finished, starting V4 builds 2026-08-19T01:27:31+05:30
>>> choose/lto-thin_opt-3_panic-unwind building 01:27:31
    OK 2249768 bytes
>>> choose/cgu-16_lto-false_opt-3_panic-unwind building 01:27:41
    OK 2626080 bytes
>>> diskus/lto-thin_opt-3_panic-unwind building 01:27:50
    OK 938768 bytes
>>> diskus/cgu-16_lto-false_opt-3_panic-unwind building 01:27:59
    OK 1062632 bytes
>>> vivid/lto-thin_opt-3_panic-unwind building 01:28:03
    OK 1044776 bytes
>>> vivid/cgu-16_lto-false_opt-3_panic-unwind building 01:28:12
    OK 1170832 bytes
>>> htmlq/lto-thin_opt-3_panic-unwind building 01:28:16
    OK 2048520 bytes
>>> htmlq/cgu-16_lto-false_opt-3_panic-unwind building 01:28:29
    OK 2202432 bytes
>>> kibi/lto-thin_opt-3_panic-unwind building 01:28:40
    OK 520264 bytes
>>> kibi/cgu-16_lto-false_opt-3_panic-unwind building 01:28:44
    OK 532744 bytes
>>> diffr/lto-thin_opt-3_panic-unwind building 01:28:46
    OK 526960 bytes
>>> diffr/cgu-16_lto-false_opt-3_panic-unwind building 01:28:50
    OK 530416 bytes
>>> jaq/lto-thin_opt-3_panic-unwind building 01:28:52
    OK 4389608 bytes
>>> jaq/cgu-16_lto-false_opt-3_panic-unwind building 01:29:22
    OK 5033272 bytes
>>> kondo/lto-thin_opt-3_panic-unwind building 01:29:35
    OK 2265096 bytes
>>> kondo/cgu-16_lto-false_opt-3_panic-unwind building 01:29:45
    OK 2610616 bytes
>>> tre-command/lto-thin_opt-3_panic-unwind building 01:29:52
    OK 1937368 bytes
>>> tre-command/cgu-16_lto-false_opt-3_panic-unwind building 01:30:04
    OK 2076360 bytes
>>> sad/lto-thin_opt-3_panic-unwind building 01:30:12
    OK 2814792 bytes
>>> sad/cgu-16_lto-false_opt-3_panic-unwind building 01:30:27
    OK 3384424 bytes
>>> xcp/lto-thin_opt-3_panic-unwind building 01:30:35
    OK 3090736 bytes
>>> xcp/cgu-16_lto-false_opt-3_panic-unwind building 01:30:47
    OK 3583752 bytes
>>> dua-cli/lto-thin_opt-3_panic-unwind building 01:30:55
    OK 4455792 bytes
>>> dua-cli/cgu-16_lto-false_opt-3_panic-unwind building 01:31:34
    OK 5139384 bytes
>>> git-graph/lto-thin_opt-3_panic-unwind building 01:32:07
    OK 2571864 bytes
>>> git-graph/cgu-16_lto-false_opt-3_panic-unwind building 01:32:27
    OK 2857232 bytes
>>> rust-parallel/lto-thin_opt-3_panic-unwind building 01:32:43
    OK 3238960 bytes
>>> rust-parallel/cgu-16_lto-false_opt-3_panic-unwind building 01:33:01
    OK 3927048 bytes
>>> rustypaste/lto-thin_opt-3_panic-unwind building 01:33:14
    OK 11630096 bytes
>>> rustypaste/cgu-16_lto-false_opt-3_panic-unwind building 01:34:01
    OK 12718688 bytes
>>> diskonaut/lto-thin_opt-3_panic-unwind building 01:34:44
    OK 1354360 bytes
>>> diskonaut/cgu-16_lto-false_opt-3_panic-unwind building 01:34:56
    OK 1549064 bytes
>>> onefetch/lto-thin_opt-3_panic-unwind building 01:35:03
    OK 12511224 bytes
>>> onefetch/cgu-16_lto-false_opt-3_panic-unwind building 01:36:02
    OK 14203840 bytes
>>> hgrep/lto-thin_opt-3_panic-unwind building 01:36:49
    OK 7303608 bytes
>>> hgrep/cgu-16_lto-false_opt-3_panic-unwind building 01:37:13
    OK 7946288 bytes
>>> kalker/lto-thin_opt-3_panic-unwind building 01:37:35
    OK 3535952 bytes
>>> kalker/cgu-16_lto-false_opt-3_panic-unwind building 01:37:51
    OK 3975528 bytes
>>> so/lto-thin_opt-3_panic-unwind building 01:38:01
    OK 7859784 bytes
>>> so/cgu-16_lto-false_opt-3_panic-unwind building 01:38:46
    OK 9026128 bytes
=== build_v4 done 2026-08-19T01:39:22+05:30
