=== first V4 sweep done 2026-08-19T01:39:27+05:30; extending crate list
extended
clone broot
clone csvlens
clone delta
clone fend
clone git-cliff
clone lsd
clone mdbook
clone navi
clone presenterm
clone rip
clone viu
clone watchexec
clone xplr
clone numbat
clone stylua
clone skim
clone serie
clone joshuto
clone cotp
clone oxipng
=== clone phase done 2026-08-19T01:41:54+05:30
>>> choose/lto-thin_opt-3_panic-unwind done
>>> choose/cgu-16_lto-false_opt-3_panic-unwind done
>>> diskus/lto-thin_opt-3_panic-unwind done
>>> diskus/cgu-16_lto-false_opt-3_panic-unwind done
>>> vivid/lto-thin_opt-3_panic-unwind done
>>> vivid/cgu-16_lto-false_opt-3_panic-unwind done
>>> htmlq/lto-thin_opt-3_panic-unwind done
>>> htmlq/cgu-16_lto-false_opt-3_panic-unwind done
>>> kibi/lto-thin_opt-3_panic-unwind done
>>> kibi/cgu-16_lto-false_opt-3_panic-unwind done
>>> diffr/lto-thin_opt-3_panic-unwind done
>>> diffr/cgu-16_lto-false_opt-3_panic-unwind done
>>> jaq/lto-thin_opt-3_panic-unwind done
>>> jaq/cgu-16_lto-false_opt-3_panic-unwind done
>>> kondo/lto-thin_opt-3_panic-unwind done
>>> kondo/cgu-16_lto-false_opt-3_panic-unwind done
>>> tre-command/lto-thin_opt-3_panic-unwind done
>>> tre-command/cgu-16_lto-false_opt-3_panic-unwind done
>>> sad/lto-thin_opt-3_panic-unwind done
>>> sad/cgu-16_lto-false_opt-3_panic-unwind done
>>> xcp/lto-thin_opt-3_panic-unwind done
>>> xcp/cgu-16_lto-false_opt-3_panic-unwind done
>>> dua-cli/lto-thin_opt-3_panic-unwind done
>>> dua-cli/cgu-16_lto-false_opt-3_panic-unwind done
>>> git-graph/lto-thin_opt-3_panic-unwind done
>>> git-graph/cgu-16_lto-false_opt-3_panic-unwind done
>>> rust-parallel/lto-thin_opt-3_panic-unwind done
>>> rust-parallel/cgu-16_lto-false_opt-3_panic-unwind done
>>> rustypaste/lto-thin_opt-3_panic-unwind done
>>> rustypaste/cgu-16_lto-false_opt-3_panic-unwind done
>>> diskonaut/lto-thin_opt-3_panic-unwind done
>>> diskonaut/cgu-16_lto-false_opt-3_panic-unwind done
>>> onefetch/lto-thin_opt-3_panic-unwind done
>>> onefetch/cgu-16_lto-false_opt-3_panic-unwind done
>>> hgrep/lto-thin_opt-3_panic-unwind done
>>> hgrep/cgu-16_lto-false_opt-3_panic-unwind done
>>> kalker/lto-thin_opt-3_panic-unwind done
>>> kalker/cgu-16_lto-false_opt-3_panic-unwind done
>>> so/lto-thin_opt-3_panic-unwind done
>>> so/cgu-16_lto-false_opt-3_panic-unwind done
>>> broot/lto-thin_opt-3_panic-unwind building 01:41:54
    OK 13587680 bytes
>>> broot/cgu-16_lto-false_opt-3_panic-unwind building 01:43:09
    OK 14979376 bytes
>>> csvlens/lto-thin_opt-3_panic-unwind building 01:44:00
    OK 7088888 bytes
>>> csvlens/cgu-16_lto-false_opt-3_panic-unwind building 01:44:58
    OK 8848592 bytes
>>> delta/lto-thin_opt-3_panic-unwind building 01:45:44
    OK 6527488 bytes
>>> delta/cgu-16_lto-false_opt-3_panic-unwind building 01:46:28
    OK 7062904 bytes
>>> fend/lto-thin_opt-3_panic-unwind building 01:47:00
    OK 8785440 bytes
>>> fend/cgu-16_lto-false_opt-3_panic-unwind building 01:47:47
    OK 9583640 bytes
>>> git-cliff/lto-thin_opt-3_panic-unwind building 01:48:18
    OK 14842736 bytes
>>> git-cliff/cgu-16_lto-false_opt-3_panic-unwind building 01:49:16
    OK 16492304 bytes
>>> lsd/lto-thin_opt-3_panic-unwind building 01:50:00
    OK 3960120 bytes
>>> lsd/cgu-16_lto-false_opt-3_panic-unwind building 01:50:28
    OK 4267048 bytes
>>> mdbook/lto-thin_opt-3_panic-unwind building 01:50:51
    OK 11520272 bytes
>>> mdbook/cgu-16_lto-false_opt-3_panic-unwind building 01:51:23
